[2026-09-08 09:39:06] ============================================================
[2026-09-08 09:39:06] PDF转换守护脚本启动
[2026-09-08 09:39:06] ============================================================
[2026-09-08 09:39:06] 当前页数使用: 50/20000
[2026-09-08 09:39:06] 启动转换脚本...
[2026-09-10 08:32:54] ============================================================
[2026-09-10 08:32:54] PDF转换守护脚本启动
[2026-09-10 08:32:54] ============================================================
[2026-09-10 08:32:54] 当前页数使用: 17421/20000
[2026-09-10 08:32:54] 启动转换脚本...
[2026-09-10 08:38:40] ============================================================
[2026-09-10 08:38:40] PDF转换守护脚本启动
[2026-09-10 08:38:40] ============================================================
[2026-09-10 08:38:40] 当前页数使用: 17552/20000
[2026-09-10 08:38:40] 启动转换脚本...
[2026-09-10 21:03:22] ============================================================
[2026-09-10 21:03:22] PDF转换守护脚本启动
[2026-09-10 21:03:22] ============================================================
[2026-09-10 21:03:22] 当前页数使用: 18255/20000
[2026-09-10 21:03:22] 启动转换脚本...
[2026-09-10 21:07:29] ============================================================
[2026-09-10 21:07:29] PDF转换守护脚本启动
[2026-09-10 21:07:29] ============================================================
[2026-09-10 21:07:29] 当前页数使用: 18266/20000
[2026-09-10 21:07:29] 启动转换脚本...
[2026-09-10 21:21:06] ============================================================
[2026-09-10 21:21:06] PDF转换守护脚本启动
[2026-09-10 21:21:06] ============================================================
[2026-09-10 21:21:06] 当前页数使用: 0/20000
[2026-09-10 21:21:06] 启动转换脚本...
[2026-09-10 21:22:06] 转换进程退出，退出码: 1
[2026-09-10 21:22:06] 异常退出，5分钟后重试...
[2026-09-10 21:27:06] 当前页数使用: 5881/20000
[2026-09-10 21:27:06] 启动转换脚本...
[2026-09-13 23:56:15] ============================================================
[2026-09-13 23:56:15] PDF转换守护脚本启动
[2026-09-13 23:56:15] ============================================================
[2026-09-13 23:56:15] 当前页数使用: 295/20000
[2026-09-13 23:56:15] 启动转换脚本...
[2026-09-14 00:09:46] ============================================================
[2026-09-14 00:09:46] PDF转换守护脚本启动
[2026-09-14 00:09:46] ============================================================
[2026-09-14 00:09:46] 当前页数使用: 0/20000
[2026-09-14 00:09:46] 启动转换脚本...
[2026-09-14 06:17:51] ============================================================
[2026-09-14 06:17:51] PDF转换守护脚本启动
[2026-09-14 06:17:51] ============================================================
[2026-09-14 06:17:51] 当前页数使用: 79/20000
[2026-09-14 06:17:51] 启动转换脚本...
